2026-06-12T11:00:05.090776Z  INFO herdr::platform::macos: raised server file descriptor soft limit previous=256 target=8192
2026-06-12T11:00:05.091168Z  INFO herdr::api::server: api server listening path=/Users/scarab5q/.config/herdr/sessions/main/herdr.sock
2026-06-12T11:00:05.091502Z  INFO herdr::app: using pane scrollback configuration pane_scrollback_limit_bytes=10000000
2026-06-12T11:00:05.097913Z  INFO herdr::logging: checking for updates event="update.check.start" subsystem="update" outcome="started"
2026-06-12T11:00:05.098065Z  INFO herdr::server::headless: client protocol socket listening path=/Users/scarab5q/.config/herdr/sessions/main/herdr-client.sock
2026-06-12T11:00:05.098102Z  INFO herdr::server::headless: herdr server started api_socket=/Users/scarab5q/.config/herdr/sessions/main/herdr.sock client_socket=/Users/scarab5q/.config/herdr/sessions/main/herdr-client.sock
2026-06-12T11:00:05.098192Z  INFO herdr::logging: herdr starting event="app.startup" subsystem="server" outcome="started" pid=83851
2026-06-12T11:00:05.349560Z  INFO herdr::server::headless: client connected client_id=2 cols=239 rows=63 cell_width_px=0 cell_height_px=0 render_encoding=SemanticFrame
2026-06-12T11:00:05.536020Z  INFO herdr::logging: update available event="update.available" subsystem="update" outcome="ok" version="0.6.10"
2026-06-12T11:00:05.651317Z  INFO herdr::update: auto-update check: v0.6.10 available through Homebrew, waiting for explicit install
2026-06-12T11:00:23.099545Z  INFO herdr::logging: spawning pane terminal event="pane.spawn.start" subsystem="pane" outcome="started" pane_id=1 rows=24 cols=80 scrollback_limit_bytes=10000000
2026-06-12T11:00:23.106213Z  INFO herdr::logging: pane child spawned event="pane.spawned" subsystem="pane" outcome="ok" pane_id=1 pid=84239
2026-06-12T11:00:23.106529Z  INFO herdr::logging: workspace created event="workspace.create" subsystem="workspace" outcome="ok" workspace_id="w6540c62239fa71" pane_id=1
2026-06-12T11:00:23.106560Z  INFO herdr::logging: workspace focused event="workspace.focus" subsystem="workspace" outcome="ok" workspace_id="w6540c62239fa71"
2026-06-12T11:00:23.106587Z  INFO herdr::logging: tab focused event="tab.focus" subsystem="tab" outcome="ok" workspace_id="w6540c62239fa71" tab_id="w6540c62239fa71:1"
2026-06-12T11:00:28.116909Z  INFO herdr::logging: session saved event="persist.save" subsystem="persist" outcome="ok" path=/Users/scarab5q/.config/herdr/sessions/main/session.json workspaces=1
2026-06-12T12:43:07.180068Z  INFO herdr::server::headless: client resize client_id=2 cols=188 rows=57 cell_width_px=0 cell_height_px=0
2026-06-12T12:43:07.392160Z  INFO herdr::server::headless: client resize client_id=2 cols=188 rows=55 cell_width_px=0 cell_height_px=0
2026-06-12T12:43:08.629483Z  INFO herdr::server::headless: client resize client_id=2 cols=239 rows=61 cell_width_px=0 cell_height_px=0
2026-06-12T12:43:08.730088Z  INFO herdr::server::headless: client resize client_id=2 cols=239 rows=63 cell_width_px=0 cell_height_px=0
2026-06-12T12:52:14.948645Z  INFO herdr::logging: pane child exited event="pane.exit" subsystem="pane" outcome="completed" pane_id=1 status="ExitStatus { code: 130, signal: None }"
2026-06-12T12:52:14.948708Z  INFO herdr::pane: pane session terminated pane=1 pid=84239 signal=Hangup
2026-06-12T12:52:18.164137Z  INFO herdr::server::headless: client detach requested via keybind client_id=2
2026-06-12T12:52:18.169555Z  INFO herdr::server::headless: client disconnected client_id=2
2026-06-12T12:52:19.951737Z  INFO herdr::logging: session cleared event="persist.clear" subsystem="persist" outcome="ok" path=/Users/scarab5q/.config/herdr/sessions/main/session.json
2026-06-12T12:52:33.375616Z  INFO herdr::server::headless: client connected client_id=4 cols=239 rows=59 cell_width_px=0 cell_height_px=0 render_encoding=SemanticFrame
2026-06-12T12:52:37.425283Z  INFO herdr::server::headless: client detach requested via keybind client_id=4
2026-06-12T12:52:37.426787Z  INFO herdr::server::headless: client disconnected client_id=4
2026-06-12T12:52:44.533956Z  INFO herdr::server::headless: client connected client_id=6 cols=239 rows=59 cell_width_px=0 cell_height_px=0 render_encoding=SemanticFrame
2026-06-12T12:52:46.289060Z  INFO herdr::server::headless: client detach requested via keybind client_id=6
2026-06-12T12:52:46.290873Z  INFO herdr::server::headless: client disconnected client_id=6
2026-06-12T14:19:30.580905Z  INFO herdr::server::headless: client connected client_id=8 cols=129 rows=109 cell_width_px=0 cell_height_px=0 render_encoding=SemanticFrame
2026-06-12T14:19:35.345559Z  INFO herdr::server::headless: client detach requested via keybind client_id=8
2026-06-12T14:19:35.347213Z  INFO herdr::server::headless: client disconnected client_id=8
2026-06-12T14:22:53.751899Z  INFO herdr::server::headless: client connected client_id=10 cols=129 rows=109 cell_width_px=0 cell_height_px=0 render_encoding=SemanticFrame
2026-06-12T14:22:55.421365Z  INFO herdr::server::headless: client detach requested via keybind client_id=10
2026-06-12T14:22:55.422672Z  INFO herdr::server::headless: client disconnected client_id=10
2026-06-12T14:27:22.667370Z  INFO herdr::server::headless: server shutdown initiated
2026-06-12T14:27:22.722248Z  INFO herdr::server::headless: completing server shutdown
2026-06-12T14:27:22.722870Z  INFO herdr::logging: session cleared event="persist.clear" subsystem="persist" outcome="ok" path=/Users/scarab5q/.config/herdr/sessions/main/session.json
2026-06-12T14:27:22.722922Z  INFO herdr::server::headless: headless server exiting
2026-06-12T14:27:22.725025Z  INFO herdr::logging: herdr exiting event="app.shutdown" subsystem="server" outcome="completed" pid=83851
